// Jest Snapshot v1, https://goo.gl/fbAQLP

exports[`<Button /> should render a button default 1`] = `
.c0 {
  width: 100%;
  color: #FAFAFA;
  background-color: #5855E9;
  display: -webkit-box;
  display: -webkit-flex;
  display: -ms-flexbox;
  display: flex;
  -webkit-box-pack: center;
  -webkit-justify-content: center;
  -ms-flex-pack: center;
  justify-content: center;
  -webkit-align-items: center;
  -webkit-box-align: center;
  -ms-flex-align: center;
  align-items: center;
  border-radius: 0.8rem;
  border: 0;
  padding: 0 1.6rem;
  padding-left: 2.4rem;
  font-weight: 600;
  font-size: 1.6rem;
  -webkit-transition: background-color 0.3s,box-shadow 0.2s,outline 0.1s;
  transition: background-color 0.3s,box-shadow 0.2s,outline 0.1s;
  outline: none;
  height: 5.6rem;
  font-size: 1.6rem;
}

.c0:focus {
  outline: 3px solid #b1aff5;
}

.c0:hover {
  background-color: #423ee6;
  box-shadow: 0 8px 8px rgba(0,0,0,0.1);
}

.c1 {
  display: -webkit-box;
  display: -webkit-flex;
  display: -ms-flexbox;
  display: flex;
  -webkit-align-items: center;
  -webkit-box-align: center;
  -ms-flex-align: center;
  align-items: center;
}

<div>
  <button
    class="c0"
    color="primary"
  >
    <div
      class="c1"
    >
      Enter
    </div>
  </button>
</div>
`;
