// Jest Snapshot v1, https://goo.gl/fbAQLP

exports[`<Footer /> should render the heading 1`] = `
.c4 {
  color: #FAFAFA;
  font-size: 1.6rem;
}

.c0 {
  margin-top: 4.0rem;
  padding-top: 3.2rem;
  color: #FAFAFA;
  background-color: #5855E9;
}

.c0 .c3 {
  text-transform: uppercase;
  margin-bottom: 1.6rem;
}

.c1 {
  display: grid;
  grid-template-columns: minmax(auto,50%) 1fr;
  gap: 3.2rem;
  margin: 0 auto;
  margin-top: 3.2rem;
  max-width: 130rem;
}

.c2 a,
.c2 span {
  display: block;
  color: #FAFAFA;
  -webkit-text-decoration: none;
  text-decoration: none;
  margin-bottom: 1rem;
  font-size: 2rem;
}

.c2 a {
  word-wrap: break-word;
  overflow-wrap: break-word;
  width: -webkit-fit-content;
  width: -moz-fit-content;
  width: fit-content;
}

.c2 a:hover {
  -webkit-text-decoration: underline;
  text-decoration: underline;
}

.c5 {
  color: #FAFAFA;
  font-size: 1.4rem;
  margin-top: 4.0rem;
  padding-bottom: 3.2rem;
  text-align: center;
}

@media (min-width:768px) {
  .c1 {
    grid-template-columns: repeat(4,1fr);
  }
}

<footer
  class="c0"
>
  <div
    class="c1"
  >
    <div
      class="c2"
    >
      <h2
        class="c3 c4"
        color="white"
      >
        Contact Us
      </h2>
      <a
        href="mailto:sac@omnideia.com"
      >
        sac@omnideia.com
      </a>
    </div>
    <div
      aria-labelledby="social-media"
      class="c2"
    >
      <h2
        class="c3 c4"
        color="white"
      >
        Follow us
      </h2>
      <nav
        id="social-media"
      >
        <a
          href="https://www.instagram.com/omnideia"
          rel="noopenner, noreferrer"
          target="_blank"
        >
          Instagram
        </a>
        <a
          href="https://www.twitter.com/omnideia"
          rel="noopenner, noreferrer"
          target="_blank"
        >
          Twitter
        </a>
        <a
          href="https://www.youtube.com/omnideia"
          rel="noopenner, noreferrer"
          target="_blank"
        >
          Youtube
        </a>
        <a
          href="https://www.facebook.com/omnideia"
          rel="noopenner, noreferrer"
          target="_blank"
        >
          Facebook
        </a>
      </nav>
    </div>
    <div
      aria-labelledby="resources"
      class="c2"
    >
      <h2
        class="c3 c4"
        color="white"
      >
        Links
      </h2>
      <nav
        id="resources"
      >
        <a
          href="/"
        >
          Home
        </a>
        <a
          href="/services"
        >
          Services
        </a>
        <a
          href="/projects"
        >
          Projects
        </a>
        <a
          href="/contact"
        >
          Contact
        </a>
        <a
          href="/about"
        >
          About
        </a>
      </nav>
    </div>
    <div
      aria-label="contact"
      class="c2"
    >
      <h2
        class="c3 c4"
        color="white"
      >
        Location
      </h2>
      <span>
        Lorem ipsum dolor sit.
      </span>
      <span>
        Lorem Ipsum
      </span>
      <span>
        Lorem, ipsum dolor.
      </span>
    </div>
  </div>
  <div
    class="c5"
  >
    Omnideia 
    2021
     Â© All rights reserved.
  </div>
</footer>
`;
