// Jest Snapshot v1, https://goo.gl/fbAQLP

exports[`<Logo /> should render a white label by default 1`] = `
.c0 {
  color: #FAFAFA;
  position: relative;
  width: 11rem;
  height: 3.3rem;
}

.c0 svg {
  color: #5855E9;
  width: 3.2rem;
  height: 3.2rem;
}

.c1 {
  position: absolute;
  pointer-events: none;
  width: 1.4rem;
  height: 1.4rem;
  border-radius: 8px;
  left: 1rem;
  top: 0.3rem;
}

<div>
  <div
    class="c0"
    color="white"
  >
    <div
      class="c1"
    />
    <a
      href="/"
    >
      <svg
        data-testid="Logo"
        fill="currentColor"
        height="1em"
        stroke="currentColor"
        stroke-width="0"
        viewBox="0 0 16 16"
        width="1em"
        xmlns="http://www.w3.org/2000/svg"
      >
        <path
          d="M2 6a6 6 0 1 1 10.174 4.31c-.203.196-.359.4-.453.619l-.762 1.769A.5.5 0 0 1 10.5 13a.5.5 0 0 1 0 1 .5.5 0 0 1 0 1l-.224.447a1 1 0 0 1-.894.553H6.618a1 1 0 0 1-.894-.553L5.5 15a.5.5 0 0 1 0-1 .5.5 0 0 1 0-1 .5.5 0 0 1-.46-.302l-.761-1.77a1.964 1.964 0 0 0-.453-.618A5.984 5.984 0 0 1 2 6zm6-5a5 5 0 0 0-3.479 8.592c.263.254.514.564.676.941L5.83 12h4.342l.632-1.467c.162-.377.413-.687.676-.941A5 5 0 0 0 8 1z"
        />
      </svg>
    </a>
  </div>
</div>
`;
